Microchip MPLAB XC8 Compiler V1.43 ()

Linker command line:

-W-3 --edf=C:\Program Files (x86)\Microchip\xc8\v1.43\dat\en_msgs.txt -cs \
  -h+dist/default/debug\JuegoGatoRaton.debug.sym \
  --cmf=dist/default/debug\JuegoGatoRaton.debug.cmf -z -Q16F887 \
  -oC:\Users\sebas\AppData\Local\Temp\sss.2 \
  -Mdist/default/debug/JuegoGatoRaton.debug.map -E1 -ver=XC8 \
  -ASTACK=0110h-016fh -pstack=STACK -ACODE=00h-07FFhx4 -ASTRCODE=00h-01FFFh \
  -ASTRING=00h-0FFhx32 -ACONST=00h-0FFhx32 -AENTRY=00h-0FFhx32 \
  -ACOMMON=070h-07Fh -ABANK0=020h-06Fh -ABANK1=0A0h-0EFh \
  -ABANK2=0110h-016Fh -ABANK3=0190h-01EFh \
  -ARAM=020h-06Fh,0A0h-0EFh,0110h-016Fh,0190h-01EFh \
  -AABS1=020h-07Fh,0A0h-0EFh,0110h-016Fh,0190h-01EFh -ASFR0=00h-01Fh \
  -ASFR1=080h-09Fh -ASFR2=0100h-010Fh -ASFR3=0180h-018Fh \
  -preset_vec=00h,intentry=04h,init,end_init -ppowerup=CODE -pcinit=CODE \
  -pfunctab=ENTRY -ACONFIG=02007h-02008h -pconfig=CONFIG -DCONFIG=2 \
  -AIDLOC=02000h-02003h -pidloc=IDLOC -DIDLOC=2 -AEEDATA=00h-0FFh/02100h \
  -peeprom_data=EEDATA -DEEDATA=2 -DCODE=2 -DSTRCODE=2 -DSTRING=2 -DCONST=2 \
  -DENTRY=2 -k C:\Users\sebas\AppData\Local\Temp\sss.obj \
  dist/default/debug\JuegoGatoRaton.debug.obj 

Object code version is 3.11

Machine type is 16F887



                Name                               Link     Load   Length Selector   Space Scale
C:\Users\sebas\AppData\Local\Temp\sss.obj
                end_init                             12       12        3        8       0
                reset_vec                             0        0        3        0       0
                config                             2007     2007        2     400E       0
dist/default/debug\JuegoGatoRaton.debug.obj
                cinit                                15       15       1C        8       0
                intentry                              4        4        E        8       0
                text23                              CC0      CC0       59     1980       0
                text22                              7C5      7C5       34        8       0
                text21                              D78      D78       6E     1AF0       0
                text20                              B85      B85       2F     170A       0
                text19                              B60      B60       25     16C0       0
                text18                              674      674       B8        8       0
                text17                              B22      B22        A     1644       0
                text16                              3D0      3D0      109        8       0
                text15                              B3F      B3F       21     167E       0
                text14                              B2C      B2C       13     1658       0
                text13                              4D9      4D9       D3        8       0
                text12                              DE6      DE6       79     1BCC       0
                text11                              BF5      BF5       42     17EA       0
                text10                              D19      D19       5F     1A32       0
                text9                               EE1      EE1       8E     1DC2       0
                text8                               C37      C37       42     186E       0
                text7                               72C      72C       99        8       0
                text6                               E5F      E5F       82     1CBE       0
                text5                                31       31      1FF        8       0
                text4                               5AC      5AC       C8        8       0
                text3                               230      230      1A0        8       0
                text2                               BB4      BB4       41     1768       0
                text1                               C79      C79       47     18F2       0
                maintext                            F6F      F6F       91     1EDE       0
                cstackBANK0                          20       20       44       20       1
                cstackCOMMON                         70       70        9       70       1
                cstackBANK1                          A0       A0       25       A0       1
                dataBANK0                            64       64        4       20       1
                bssBANK0                             68       68        2       20       1
                strings                             800      800       3F     1000       0
                idataBANK0                          7F9      7F9        4        8       0

TOTAL           Name                               Link     Load   Length     Space
        CLASS   STACK          

        CLASS   CODE           
                end_init                             12       12        3         0
                cinit                                15       15       1C         0
                intentry                              4        4        E         0
                reset_vec                             0        0        3         0
                text23                              CC0      CC0       59         0
                text22                              7C5      7C5       34         0
                text21                              D78      D78       6E         0
                text20                              B85      B85       2F         0
                text19                              B60      B60       25         0
                text18                              674      674       B8         0
                text17                              B22      B22        A         0
                text16                              3D0      3D0      109         0
                text15                              B3F      B3F       21         0
                text14                              B2C      B2C       13         0
                text13                              4D9      4D9       D3         0
                text12                              DE6      DE6       79         0
                text11                              BF5      BF5       42         0
                text10                              D19      D19       5F         0
                text9                               EE1      EE1       8E         0
                text8                               C37      C37       42         0
                text7                               72C      72C       99         0
                text6                               E5F      E5F       82         0
                text5                                31       31      1FF         0
                text4                               5AC      5AC       C8         0
                text3                               230      230      1A0         0
                text2                               BB4      BB4       41         0
                text1                               C79      C79       47         0
                maintext                            F6F      F6F       91         0
                idataBANK0                          7F9      7F9        4         0

        CLASS   STRCODE        

        CLASS   STRING         
                strings                             800      800       3F         0

        CLASS   CONST          

        CLASS   ENTRY          

        CLASS   COMMON         
                cstackCOMMON                         70       70        9         1

        CLASS   BANK0          
                cstackBANK0                          20       20       44         1
                dataBANK0                            64       64        4         1
                bssBANK0                             68       68        2         1

        CLASS   BANK1          
                cstackBANK1                          A0       A0       25         1

        CLASS   BANK2          

        CLASS   BANK3          

        CLASS   RAM            

        CLASS   ABS1           
                abs_s1                               7E       7E        2         1

        CLASS   SFR0           

        CLASS   SFR1           

        CLASS   SFR2           

        CLASS   SFR3           

        CLASS   CONFIG         
                config                             2007     2007        2         0

        CLASS   IDLOC          

        CLASS   EEDATA         



SEGMENTS        Name                           Load    Length   Top    Selector   Space  Class     Delta

                reset_vec                      000000  000003  000003         0       0  CODE        2
                intentry                       000004  0007F9  0007FD         8       0  CODE        2
                cstackBANK0                    000020  00004A  00006A        20       1  BANK0       1
                cstackCOMMON                   000070  000009  000079        70       1  COMMON      1
                cstackBANK1                    0000A0  000025  0000C5        A0       1  BANK1       1
                strings                        000800  00003F  00083F      1000       0  STRING      2
                text17                         000B22  00000A  000B2C      1644       0  CODE        2
                text14                         000B2C  000013  000B3F      1658       0  CODE        2
                text15                         000B3F  000021  000B60      167E       0  CODE        2
                text19                         000B60  000025  000B85      16C0       0  CODE        2
                text20                         000B85  00002F  000BB4      170A       0  CODE        2
                text2                          000BB4  000041  000BF5      1768       0  CODE        2
                text11                         000BF5  000042  000C37      17EA       0  CODE        2
                text8                          000C37  000042  000C79      186E       0  CODE        2
                text1                          000C79  000047  000CC0      18F2       0  CODE        2
                text23                         000CC0  000059  000D19      1980       0  CODE        2
                text10                         000D19  00005F  000D78      1A32       0  CODE        2
                text21                         000D78  00006E  000DE6      1AF0       0  CODE        2
                text12                         000DE6  000079  000E5F      1BCC       0  CODE        2
                text6                          000E5F  000082  000EE1      1CBE       0  CODE        2
                text9                          000EE1  00008E  000F6F      1DC2       0  CODE        2
                maintext                       000F6F  000091  001000      1EDE       0  CODE        2
                config                         002007  000002  002009      400E       0  CONFIG      2


UNUSED ADDRESS RANGES

        Name                Unused          Largest block    Delta
        BANK0            006A-006F              6           1
        BANK1            00C5-00EF             2B           1
        BANK2            0110-016F             60           1
        BANK3            0190-01EF             60           1
        CODE             0003-0003              1           2
                         07FD-07FF              3
                         083F-0B21            2E3
                         1000-1FFF            800
        COMMON           0079-007D              5           1
        CONST            0003-0003              1           2
                         07FD-07FF              3
                         083F-0B21            100
                         1000-1FFF            100
        EEDATA           2100-21FF            100           2
        ENTRY            0003-0003              1           2
                         07FD-07FF              3
                         083F-0B21            100
                         1000-1FFF            100
        IDLOC            2000-2003              4           2
        RAM              006A-006F              6           1
                         00C5-00EF             2B
                         0110-016F             60
                         0190-01EF             60
        SFR0             0000-001F             20           1
        SFR1             0080-009F             20           1
        SFR2             0100-010F             10           1
        SFR3             0180-018F             10           1
        STACK            0110-016F             60           1
        STRCODE          0003-0003              1           2
                         07FD-07FF              3
                         083F-0B21            2E3
                         1000-1FFF           1000
        STRING           0003-0003              1           2
                         07FD-07FF              3
                         083F-0B21            100
                         1000-1FFF            100

                                  Symbol Table

?___altoft                cstackBANK0  0042
?___awdiv                 cstackCOMMON 0070
?___awtoft                cstackBANK0  002E
?___ftadd                 cstackBANK0  0044
?___ftdiv                 cstackBANK0  002E
?___ftmul                 cstackBANK0  0034
?___ftneg                 cstackBANK0  0026
?___ftpack                cstackBANK0  0026
?___ftsub                 cstackBANK0  0051
?___fttol                 cstackBANK0  0034
?___lltoft                cstackBANK0  002E
?___lmul                  cstackBANK0  0026
?_eval_poly               cstackBANK0  0051
?_exp                     cstackBANK1  00A0
?_floor                   cstackBANK0  0051
?_frexp                   cstackBANK0  0026
?_ldexp                   cstackBANK0  005B
?_log                     cstackBANK0  005B
?_pow                     cstackBANK1  00A9
?_rand                    cstackBANK0  0033
_ANSEL                    (abs)        0188
_ANSELH                   (abs)        0189
_INTCON                   (abs)        000B
_INTCONbits               (abs)        000B
_PORTBbits                (abs)        0006
_PORTC                    (abs)        0007
_PORTD                    (abs)        0008
_TRISB                    (abs)        0086
_TRISC                    (abs)        0087
_TRISD                    (abs)        0088
__CFG_BOR4V$BOR40V        (abs)        0000
__CFG_BOREN$OFF           (abs)        0000
__CFG_CP$OFF              (abs)        0000
__CFG_CPD$OFF             (abs)        0000
__CFG_FCMEN$OFF           (abs)        0000
__CFG_FOSC$INTRC_NOCLKOUT (abs)        0000
__CFG_IESO$OFF            (abs)        0000
__CFG_LVP$OFF             (abs)        0000
__CFG_MCLRE$ON            (abs)        0000
__CFG_PWRTE$OFF           (abs)        0000
__CFG_WDTE$ON             (abs)        0000
__CFG_WRT$OFF             (abs)        0000
__Habs1                   abs1         0000
__Hbank0                  bank0        0000
__Hbank1                  bank1        0000
__Hbank2                  bank2        0000
__Hbank3                  bank3        0000
__HbssBANK0               bssBANK0     0000
__Hcinit                  cinit        0031
__Hclrtext                clrtext      0000
__Hcode                   code         0000
__Hcommon                 common       0000
__Hconfig                 config       2009
__HcstackBANK0            cstackBANK0  0000
__HcstackBANK1            cstackBANK1  0000
__HcstackCOMMON           cstackCOMMON 0000
__HdataBANK0              dataBANK0    0000
__Heeprom_data            eeprom_data  0000
__Hend_init               end_init     0015
__Hfunctab                functab      0000
__HidataBANK0             idataBANK0   0000
__Hidloc                  idloc        0000
__Hinit                   init         0012
__Hintentry               intentry     0012
__Hmaintext               maintext     0000
__Hpowerup                powerup      0000
__Hram                    ram          0000
__Hreset_vec              reset_vec    0003
__Hsfr0                   sfr0         0000
__Hsfr1                   sfr1         0000
__Hsfr2                   sfr2         0000
__Hsfr3                   sfr3         0000
__Hspace_0                (abs)        2009
__Hspace_1                (abs)        00C5
__Hspace_2                (abs)        0000
__Hspace_3                (abs)        0000
__Hstack                  stack        0000
__Hstrings                strings      0000
__Htext                   text         0000
__Labs1                   abs1         0000
__Lbank0                  bank0        0000
__Lbank1                  bank1        0000
__Lbank2                  bank2        0000
__Lbank3                  bank3        0000
__LbssBANK0               bssBANK0     0000
__Lcinit                  cinit        0015
__Lclrtext                clrtext      0000
__Lcode                   code         0000
__Lcommon                 common       0000
__Lconfig                 config       2007
__LcstackBANK0            cstackBANK0  0000
__LcstackBANK1            cstackBANK1  0000
__LcstackCOMMON           cstackCOMMON 0000
__LdataBANK0              dataBANK0    0000
__Leeprom_data            eeprom_data  0000
__Lend_init               end_init     0012
__Lfunctab                functab      0000
__LidataBANK0             idataBANK0   0000
__Lidloc                  idloc        0000
__Linit                   init         0012
__Lintentry               intentry     0004
__Lmaintext               maintext     0000
__Lpowerup                powerup      0000
__Lram                    ram          0000
__Lreset_vec              reset_vec    0000
__Lsfr0                   sfr0         0000
__Lsfr1                   sfr1         0000
__Lsfr2                   sfr2         0000
__Lsfr3                   sfr3         0000
__Lspace_0                (abs)        0000
__Lspace_1                (abs)        0000
__Lspace_2                (abs)        0000
__Lspace_3                (abs)        0000
__Lstack                  stack        0000
__Lstrings                strings      0000
__Ltext                   text         0000
__S0                      (abs)        2009
__S1                      (abs)        00C5
__S2                      (abs)        0000
__S3                      (abs)        0000
___altoft                 text11       0BF5
___altoft@c               cstackBANK0  0042
___altoft@exp             cstackBANK0  0048
___altoft@sign            cstackBANK0  0049
___awdiv                  text23       0CC0
___awdiv@counter          cstackCOMMON 0075
___awdiv@dividend         cstackCOMMON 0072
___awdiv@divisor          cstackCOMMON 0070
___awdiv@quotient         cstackCOMMON 0077
___awdiv@sign             cstackCOMMON 0076
___awtoft                 text19       0B60
___awtoft@c               cstackBANK0  002E
___awtoft@sign            cstackBANK0  0033
___bmul                   text14       0B2C
___bmul@multiplicand      cstackBANK0  0026
___bmul@multiplier        cstackBANK0  0029
___bmul@product           cstackBANK0  0028
___ftadd                  text16       03D0
___ftadd@exp1             cstackBANK0  0050
___ftadd@exp2             cstackBANK0  004F
___ftadd@f1               cstackBANK0  0044
___ftadd@f2               cstackBANK0  0047
___ftadd@sign             cstackBANK0  004E
___ftdiv                  text18       0674
___ftdiv@cntr             cstackBANK0  0038
___ftdiv@exp              cstackBANK0  003C
___ftdiv@f1               cstackBANK0  0031
___ftdiv@f2               cstackBANK0  002E
___ftdiv@f3               cstackBANK0  0039
___ftdiv@sign             cstackBANK0  003D
___ftge                   text10       0D19
___ftge@ff1               cstackBANK0  0026
___ftge@ff2               cstackBANK0  0029
___ftmul                  text13       04D9
___ftmul@cntr             cstackBANK0  0042
___ftmul@exp              cstackBANK0  003E
___ftmul@f1               cstackBANK0  0034
___ftmul@f2               cstackBANK0  0037
___ftmul@f3_as_product    cstackBANK0  003F
___ftmul@sign             cstackBANK0  0043
___ftneg                  text17       0B22
___ftneg@f1               cstackBANK0  0026
___ftpack                 text21       0D78
___ftpack@arg             cstackBANK0  0026
___ftpack@exp             cstackBANK0  0029
___ftpack@sign            cstackBANK0  002A
___ftsub                  text15       0B3F
___ftsub@f1               cstackBANK0  0054
___ftsub@f2               cstackBANK0  0051
___fttol                  text9        0EE1
___fttol@exp1             cstackBANK0  0041
___fttol@f1               cstackBANK0  0034
___fttol@lval             cstackBANK0  003D
___fttol@sign1            cstackBANK0  003C
___int_sp                 stack        0000
___latbits                (abs)        0002
___lltoft                 text20       0B85
___lltoft@c               cstackBANK0  002E
___lltoft@exp             cstackBANK0  0033
___lmul                   text2        0BB4
___lmul@multiplicand      cstackBANK0  002A
___lmul@multiplier        cstackBANK0  0026
___lmul@product           cstackBANK0  002F
___sp                     stack        0000
__end_of___altoft         text11       0C37
__end_of___awdiv          text23       0D19
__end_of___awtoft         text19       0B85
__end_of___bmul           text14       0B3F
__end_of___ftadd          text16       04D9
__end_of___ftdiv          text18       072C
__end_of___ftge           text10       0D78
__end_of___ftmul          text13       05AC
__end_of___ftneg          text17       0B2C
__end_of___ftpack         text21       0DE6
__end_of___ftsub          text15       0B60
__end_of___fttol          text9        0F6F
__end_of___lltoft         text20       0BB4
__end_of___lmul           text2        0BF5
__end_of__initialization  cinit        002D
__end_of__stringtab       strings      0806
__end_of_eval_poly        text12       0E5F
__end_of_exp              text5        0230
__end_of_floor            text7        07C5
__end_of_frexp            text8        0C79
__end_of_interr           text22       07F9
__end_of_ldexp            text6        0EE1
__end_of_log              text4        0674
__end_of_main             maintext     1000
__end_of_pow              text3        03D0
__end_of_rand             text1        0CC0
__end_ofexp@coeff         strings      0824
__end_oflog@coeff         strings      083F
__initialization          cinit        0015
__pbssBANK0               bssBANK0     0068
__pcstackBANK0            cstackBANK0  0020
__pcstackBANK1            cstackBANK1  00A0
__pcstackCOMMON           cstackCOMMON 0070
__pdataBANK0              dataBANK0    0064
__pidataBANK0             idataBANK0   07F9
__pintentry               intentry     0004
__pmaintext               maintext     0F6F
__pstrings                strings      0800
__ptext1                  text1        0C79
__ptext10                 text10       0D19
__ptext11                 text11       0BF5
__ptext12                 text12       0DE6
__ptext13                 text13       04D9
__ptext14                 text14       0B2C
__ptext15                 text15       0B3F
__ptext16                 text16       03D0
__ptext17                 text17       0B22
__ptext18                 text18       0674
__ptext19                 text19       0B60
__ptext2                  text2        0BB4
__ptext20                 text20       0B85
__ptext21                 text21       0D78
__ptext22                 text22       07C5
__ptext23                 text23       0CC0
__ptext3                  text3        0230
__ptext4                  text4        05AC
__ptext5                  text5        0031
__ptext6                  text6        0E5F
__ptext7                  text7        072C
__ptext8                  text8        0C37
__ptext9                  text9        0EE1
__size_of___altoft        (abs)        0000
__size_of___awdiv         (abs)        0000
__size_of___awtoft        (abs)        0000
__size_of___bmul          (abs)        0000
__size_of___ftadd         (abs)        0000
__size_of___ftdiv         (abs)        0000
__size_of___ftge          (abs)        0000
__size_of___ftmul         (abs)        0000
__size_of___ftneg         (abs)        0000
__size_of___ftpack        (abs)        0000
__size_of___ftsub         (abs)        0000
__size_of___fttol         (abs)        0000
__size_of___lltoft        (abs)        0000
__size_of___lmul          (abs)        0000
__size_of_eval_poly       (abs)        0000
__size_of_exp             (abs)        0000
__size_of_floor           (abs)        0000
__size_of_frexp           (abs)        0000
__size_of_interr          (abs)        0000
__size_of_ldexp           (abs)        0000
__size_of_log             (abs)        0000
__size_of_main            (abs)        0000
__size_of_pow             (abs)        0000
__size_of_rand            (abs)        0000
__stringbase              strings      0805
__stringtab               strings      0800
_errno                    bssBANK0     0068
_eval_poly                text12       0DE6
_exp                      text5        0031
_exp$612                  cstackBANK1  00A3
_floor                    text7        072C
_frexp                    text8        0C37
_interr                   text22       07C5
_ldexp                    text6        0E5F
_log                      text4        05AC
_main                     maintext     0F6F
_main$608                 cstackBANK1  00BD
_main$609                 cstackBANK1  00C0
_pow                      text3        0230
_pow$610                  cstackBANK1  00AF
_pow$611                  cstackBANK1  00B2
_rand                     text1        0C79
_randx                    dataBANK0    0064
btemp                     (abs)        007E
end_of_initialization     cinit        002D
eval_poly@d               cstackBANK0  0054
eval_poly@n               cstackBANK0  0055
eval_poly@res             cstackBANK0  0058
eval_poly@x               cstackBANK0  0051
exp@coeff                 strings      0806
exp@exponent              cstackBANK1  00A6
exp@sign                  cstackBANK1  00A8
exp@x                     cstackBANK1  00A0
floor@expon               cstackBANK0  0058
floor@i                   cstackBANK0  0055
floor@x                   cstackBANK0  0051
frexp@eptr                cstackBANK0  0029
frexp@value               cstackBANK0  0026
interrupt_function        intentry     0004
intlevel0                 functab      0000
intlevel1                 functab      0000
intlevel2                 functab      0000
intlevel3                 functab      0000
intlevel4                 functab      0000
intlevel5                 functab      0000
ldexp@newexp              cstackBANK0  005E
ldexp@value               cstackBANK0  005B
log@coeff                 strings      0824
log@exponent              cstackBANK0  005F
log@x                     cstackBANK0  005B
main@random               cstackBANK1  00C3
pow@sign                  cstackBANK1  00B5
pow@x                     cstackBANK1  00A9
pow@y                     cstackBANK1  00AC
pow@yi                    cstackBANK1  00B6
reset_vec                 reset_vec    0000
saved_w                   (abs)        007E
stackhi                   (abs)        0000
stacklo                   (abs)        0000
start                     init         0012
start_initialization      cinit        0015
wtemp0                    (abs)        007E


FUNCTION INFORMATION:

 *************** function _main *****************
 Defined at:
		line 31 in file "JuegoGatoRaton.c"
 Parameters:    Size  Location     Type
		None
 Auto vars:     Size  Location     Type
  random          2   35[BANK1 ] int 
 Return value:  Size  Location     Type
                  1    wreg      void 
 Registers used:
		wreg, fsr0l, fsr0h, status,2, status,0, btemp+1, pclath, cstack
 Tracked objects:
		On entry : 
		On exit  : 
		Unchanged: 
 Data sizes:     COMMON   BANK0   BANK1   BANK3   BANK2
      Params:         0       0       0       0       0
      Locals:         0       0       8       0       0
      Temps:          0       0       3       0       0
      Totals:         0       0      11       0       0
Total ram usage:       11 bytes
 Hardware stack levels required when called:    7
 This function calls:
		___awtoft
		___fttol
		_pow
		_rand
 This function is called by:
		Startup code after reset
 This function uses a non-reentrant model


 *************** function _rand *****************
 Defined at:
		line 12 in file "C:\Program Files (x86)\Microchip\xc8\v1.43\sources\common\rand.c"
 Parameters:    Size  Location     Type
		None
 Auto vars:     Size  Location     Type
		None
 Return value:  Size  Location     Type
                  2   19[BANK0 ] int 
 Registers used:
		wreg, status,2, status,0, pclath, cstack
 Tracked objects:
		On entry : 
		On exit  : 
		Unchanged: 
 Data sizes:     COMMON   BANK0   BANK1   BANK3   BANK2
      Params:         0       2       0       0       0
      Locals:         0       0       0       0       0
      Temps:          0       5       0       0       0
      Totals:         0       7       0       0       0
Total ram usage:        7 bytes
 Hardware stack levels used:    1
 Hardware stack levels required when called:    3
 This function calls:
		___lmul
 This function is called by:
		_main
 This function uses a non-reentrant model


 *************** function ___lmul *****************
 Defined at:
		line 15 in file "C:\Program Files (x86)\Microchip\xc8\v1.43\sources\common\Umul32.c"
 Parameters:    Size  Location     Type
  multiplier      4    6[BANK0 ] unsigned long 
  multiplicand    4   10[BANK0 ] unsigned long 
 Auto vars:     Size  Location     Type
  product         4   15[BANK0 ] unsigned long 
 Return value:  Size  Location     Type
                  4    6[BANK0 ] unsigned long 
 Registers used:
		wreg, status,2, status,0
 Tracked objects:
		On entry : 
		On exit  : 
		Unchanged: 
 Data sizes:     COMMON   BANK0   BANK1   BANK3   BANK2
      Params:         0       8       0       0       0
      Locals:         0       4       0       0       0
      Temps:          0       1       0       0       0
      Totals:         0      13       0       0       0
Total ram usage:       13 bytes
 Hardware stack levels used:    1
 Hardware stack levels required when called:    2
 This function calls:
		Nothing
 This function is called by:
		_rand
 This function uses a non-reentrant model


 *************** function _pow *****************
 Defined at:
		line 5 in file "C:\Program Files (x86)\Microchip\xc8\v1.43\sources\common\pow.c"
 Parameters:    Size  Location     Type
  x               3    9[BANK1 ] unsigned long 
  y               3   12[BANK1 ] unsigned long 
 Auto vars:     Size  Location     Type
  yi              4   22[BANK1 ] unsigned long 
  sign            1   21[BANK1 ] unsigned char 
 Return value:  Size  Location     Type
                  3    9[BANK1 ] unsigned char 
 Registers used:
		wreg, fsr0l, fsr0h, status,2, status,0, btemp+1, pclath, cstack
 Tracked objects:
		On entry : 
		On exit  : 
		Unchanged: 
 Data sizes:     COMMON   BANK0   BANK1   BANK3   BANK2
      Params:         0       0       6       0       0
      Locals:         0       0      11       0       0
      Temps:          0       1       0       0       0
      Totals:         0       1      17       0       0
Total ram usage:       18 bytes
 Hardware stack levels used:    1
 Hardware stack levels required when called:    6
 This function calls:
		___ftge
		___ftmul
		___ftneg
		___fttol
		___lltoft
		_exp
		_log
 This function is called by:
		_main
 This function uses a non-reentrant model


 *************** function _log *****************
 Defined at:
		line 5 in file "C:\Program Files (x86)\Microchip\xc8\v1.43\sources\common\log.c"
 Parameters:    Size  Location     Type
  x               3   59[BANK0 ] unsigned char 
 Auto vars:     Size  Location     Type
  exponent        2   63[BANK0 ] int 
 Return value:  Size  Location     Type
                  3   59[BANK0 ] int 
 Registers used:
		wreg, fsr0l, fsr0h, status,2, status,0, btemp+1, pclath, cstack
 Tracked objects:
		On entry : 
		On exit  : 
		Unchanged: 
 Data sizes:     COMMON   BANK0   BANK1   BANK3   BANK2
      Params:         0       3       0       0       0
      Locals:         0       2       0       0       0
      Temps:          0       1       0       0       0
      Totals:         0       6       0       0       0
Total ram usage:        6 bytes
 Hardware stack levels used:    1
 Hardware stack levels required when called:    5
 This function calls:
		___awtoft
		___ftadd
		___ftge
		___ftmul
		_eval_poly
		_frexp
 This function is called by:
		_pow
 This function uses a non-reentrant model


 *************** function _exp *****************
 Defined at:
		line 12 in file "C:\Program Files (x86)\Microchip\xc8\v1.43\sources\common\exp.c"
 Parameters:    Size  Location     Type
  x               3    0[BANK1 ] int 
 Auto vars:     Size  Location     Type
  exponent        2    6[BANK1 ] int 
  sign            1    8[BANK1 ] unsigned char 
 Return value:  Size  Location     Type
                  3    0[BANK1 ] unsigned char 
 Registers used:
		wreg, fsr0l, fsr0h, status,2, status,0, btemp+1, pclath, cstack
 Tracked objects:
		On entry : 
		On exit  : 
		Unchanged: 
 Data sizes:     COMMON   BANK0   BANK1   BANK3   BANK2
      Params:         0       0       3       0       0
      Locals:         0       0       6       0       0
      Temps:          0       1       0       0       0
      Totals:         0       1       9       0       0
Total ram usage:       10 bytes
 Hardware stack levels used:    1
 Hardware stack levels required when called:    5
 This function calls:
		___awtoft
		___ftdiv
		___ftge
		___ftmul
		___ftneg
		___ftsub
		___fttol
		_eval_poly
		_floor
		_ldexp
 This function is called by:
		_pow
 This function uses a non-reentrant model


 *************** function _ldexp *****************
 Defined at:
		line 277 in file "C:\Program Files (x86)\Microchip\xc8\v1.43\sources\common\frexp.c"
 Parameters:    Size  Location     Type
  value           3   59[BANK0 ] unsigned char 
  newexp          2   62[BANK0 ] int 
 Auto vars:     Size  Location     Type
		None
 Return value:  Size  Location     Type
                  3   59[BANK0 ] int 
 Registers used:
		wreg, status,2, status,0, btemp+1, pclath, cstack
 Tracked objects:
		On entry : 
		On exit  : 
		Unchanged: 
 Data sizes:     COMMON   BANK0   BANK1   BANK3   BANK2
      Params:         0       5       0       0       0
      Locals:         0       0       0       0       0
      Temps:          0       2       0       0       0
      Totals:         0       7       0       0       0
Total ram usage:        7 bytes
 Hardware stack levels used:    1
 Hardware stack levels required when called:    3
 This function calls:
		___ftge
 This function is called by:
		_exp
 This function uses a non-reentrant model


 *************** function _floor *****************
 Defined at:
		line 13 in file "C:\Program Files (x86)\Microchip\xc8\v1.43\sources\common\floor.c"
 Parameters:    Size  Location     Type
  x               3   49[BANK0 ] int 
 Auto vars:     Size  Location     Type
  i               3   53[BANK0 ] int 
  expon           2   56[BANK0 ] int 
 Return value:  Size  Location     Type
                  3   49[BANK0 ] int 
 Registers used:
		wreg, fsr0l, fsr0h, status,2, status,0, btemp+1, pclath, cstack
 Tracked objects:
		On entry : 
		On exit  : 
		Unchanged: 
 Data sizes:     COMMON   BANK0   BANK1   BANK3   BANK2
      Params:         0       3       0       0       0
      Locals:         0       5       0       0       0
      Temps:          0       1       0       0       0
      Totals:         0       9       0       0       0
Total ram usage:        9 bytes
 Hardware stack levels used:    1
 Hardware stack levels required when called:    4
 This function calls:
		___altoft
		___ftadd
		___ftge
		___fttol
		_frexp
 This function is called by:
		_exp
 This function uses a non-reentrant model


 *************** function _frexp *****************
 Defined at:
		line 254 in file "C:\Program Files (x86)\Microchip\xc8\v1.43\sources\common\frexp.c"
 Parameters:    Size  Location     Type
  value           3    6[BANK0 ] int 
  eptr            1    9[BANK0 ] PTR int 
		 -> log@exponent(2), floor@expon(2), 
 Auto vars:     Size  Location     Type
		None
 Return value:  Size  Location     Type
                  3    6[BANK0 ] PTR int 
 Registers used:
		wreg, fsr0l, fsr0h, status,2, status,0, btemp+1
 Tracked objects:
		On entry : 
		On exit  : 
		Unchanged: 
 Data sizes:     COMMON   BANK0   BANK1   BANK3   BANK2
      Params:         0       4       0       0       0
      Locals:         0       0       0       0       0
      Temps:          0       2       0       0       0
      Totals:         0       6       0       0       0
Total ram usage:        6 bytes
 Hardware stack levels used:    1
 Hardware stack levels required when called:    2
 This function calls:
		Nothing
 This function is called by:
		_floor
		_log
 This function uses a non-reentrant model


 *************** function ___fttol *****************
 Defined at:
		line 44 in file "C:\Program Files (x86)\Microchip\xc8\v1.43\sources\common\fttol.c"
 Parameters:    Size  Location     Type
  f1              3   20[BANK0 ] float 
 Auto vars:     Size  Location     Type
  lval            4   29[BANK0 ] unsigned long 
  exp1            1   33[BANK0 ] unsigned char 
  sign1           1   28[BANK0 ] unsigned char 
 Return value:  Size  Location     Type
                  4   20[BANK0 ] long 
 Registers used:
		wreg, status,2, status,0
 Tracked objects:
		On entry : 
		On exit  : 
		Unchanged: 
 Data sizes:     COMMON   BANK0   BANK1   BANK3   BANK2
      Params:         0       4       0       0       0
      Locals:         0       6       0       0       0
      Temps:          0       4       0       0       0
      Totals:         0      14       0       0       0
Total ram usage:       14 bytes
 Hardware stack levels used:    1
 Hardware stack levels required when called:    2
 This function calls:
		Nothing
 This function is called by:
		_main
		_pow
		_exp
		_floor
 This function uses a non-reentrant model


 *************** function ___ftge *****************
 Defined at:
		line 4 in file "C:\Program Files (x86)\Microchip\xc8\v1.43\sources\common\ftge.c"
 Parameters:    Size  Location     Type
  ff1             3    6[BANK0 ] float 
  ff2             3    9[BANK0 ] float 
 Auto vars:     Size  Location     Type
		None
 Return value:  Size  Location     Type
		None               void
 Registers used:
		wreg, status,2, status,0
 Tracked objects:
		On entry : 
		On exit  : 
		Unchanged: 
 Data sizes:     COMMON   BANK0   BANK1   BANK3   BANK2
      Params:         0       6       0       0       0
      Locals:         0       0       0       0       0
      Temps:          0       6       0       0       0
      Totals:         0      12       0       0       0
Total ram usage:       12 bytes
 Hardware stack levels used:    1
 Hardware stack levels required when called:    2
 This function calls:
		Nothing
 This function is called by:
		_pow
		_exp
		_floor
		_ldexp
		_log
 This function uses a non-reentrant model


 *************** function ___altoft *****************
 Defined at:
		line 42 in file "C:\Program Files (x86)\Microchip\xc8\v1.43\sources\common\altoft.c"
 Parameters:    Size  Location     Type
  c               4   34[BANK0 ] long 
 Auto vars:     Size  Location     Type
  sign            1   41[BANK0 ] unsigned char 
  exp             1   40[BANK0 ] unsigned char 
 Return value:  Size  Location     Type
                  3   34[BANK0 ] float 
 Registers used:
		wreg, status,2, status,0, pclath, cstack
 Tracked objects:
		On entry : 
		On exit  : 
		Unchanged: 
 Data sizes:     COMMON   BANK0   BANK1   BANK3   BANK2
      Params:         0       4       0       0       0
      Locals:         0       2       0       0       0
      Temps:          0       2       0       0       0
      Totals:         0       8       0       0       0
Total ram usage:        8 bytes
 Hardware stack levels used:    1
 Hardware stack levels required when called:    3
 This function calls:
		___ftpack
 This function is called by:
		_floor
 This function uses a non-reentrant model


 *************** function _eval_poly *****************
 Defined at:
		line 4 in file "C:\Program Files (x86)\Microchip\xc8\v1.43\sources\common\evalpoly.c"
 Parameters:    Size  Location     Type
  x               3   49[BANK0 ] float 
  d               1   52[BANK0 ] PTR const 
		 -> log@coeff(27), exp@coeff(30), 
  n               2   53[BANK0 ] int 
 Auto vars:     Size  Location     Type
  res             3   56[BANK0 ] int 
 Return value:  Size  Location     Type
                  3   49[BANK0 ] int 
 Registers used:
		wreg, fsr0l, fsr0h, status,2, status,0, pclath, cstack
 Tracked objects:
		On entry : 
		On exit  : 
		Unchanged: 
 Data sizes:     COMMON   BANK0   BANK1   BANK3   BANK2
      Params:         0       6       0       0       0
      Locals:         0       3       0       0       0
      Temps:          0       1       0       0       0
      Totals:         0      10       0       0       0
Total ram usage:       10 bytes
 Hardware stack levels used:    1
 Hardware stack levels required when called:    4
 This function calls:
		___bmul
		___ftadd
		___ftmul
 This function is called by:
		_exp
		_log
 This function uses a non-reentrant model


 *************** function ___ftmul *****************
 Defined at:
		line 62 in file "C:\Program Files (x86)\Microchip\xc8\v1.43\sources\common\ftmul.c"
 Parameters:    Size  Location     Type
  f1              3   20[BANK0 ] float 
  f2              3   23[BANK0 ] float 
 Auto vars:     Size  Location     Type
  f3_as_produc    3   31[BANK0 ] unsigned um
  sign            1   35[BANK0 ] unsigned char 
  cntr            1   34[BANK0 ] unsigned char 
  exp             1   30[BANK0 ] unsigned char 
 Return value:  Size  Location     Type
                  3   20[BANK0 ] float 
 Registers used:
		wreg, status,2, status,0, pclath, cstack
 Tracked objects:
		On entry : 
		On exit  : 
		Unchanged: 
 Data sizes:     COMMON   BANK0   BANK1   BANK3   BANK2
      Params:         0       6       0       0       0
      Locals:         0       6       0       0       0
      Temps:          0       4       0       0       0
      Totals:         0      16       0       0       0
Total ram usage:       16 bytes
 Hardware stack levels used:    1
 Hardware stack levels required when called:    3
 This function calls:
		___ftpack
 This function is called by:
		_pow
		_exp
		_log
		_eval_poly
 This function uses a non-reentrant model


 *************** function ___bmul *****************
 Defined at:
		line 4 in file "C:\Program Files (x86)\Microchip\xc8\v1.43\sources\common\Umul8.c"
 Parameters:    Size  Location     Type
  multiplier      1    wreg     unsigned char 
  multiplicand    1    6[BANK0 ] unsigned char 
 Auto vars:     Size  Location     Type
  multiplier      1    9[BANK0 ] unsigned char 
  product         1    8[BANK0 ] unsigned char 
 Return value:  Size  Location     Type
                  1    wreg      unsigned char 
 Registers used:
		wreg, status,2, status,0
 Tracked objects:
		On entry : 
		On exit  : 
		Unchanged: 
 Data sizes:     COMMON   BANK0   BANK1   BANK3   BANK2
      Params:         0       1       0       0       0
      Locals:         0       2       0       0       0
      Temps:          0       1       0       0       0
      Totals:         0       4       0       0       0
Total ram usage:        4 bytes
 Hardware stack levels used:    1
 Hardware stack levels required when called:    2
 This function calls:
		Nothing
 This function is called by:
		_eval_poly
 This function uses a non-reentrant model


 *************** function ___ftsub *****************
 Defined at:
		line 18 in file "C:\Program Files (x86)\Microchip\xc8\v1.43\sources\common\ftsub.c"
 Parameters:    Size  Location     Type
  f2              3   49[BANK0 ] float 
  f1              3   52[BANK0 ] float 
 Auto vars:     Size  Location     Type
		None
 Return value:  Size  Location     Type
                  3   49[BANK0 ] float 
 Registers used:
		wreg, status,2, status,0, pclath, cstack
 Tracked objects:
		On entry : 
		On exit  : 
		Unchanged: 
 Data sizes:     COMMON   BANK0   BANK1   BANK3   BANK2
      Params:         0       6       0       0       0
      Locals:         0       0       0       0       0
      Temps:          0       0       0       0       0
      Totals:         0       6       0       0       0
Total ram usage:        6 bytes
 Hardware stack levels used:    1
 Hardware stack levels required when called:    4
 This function calls:
		___ftadd
 This function is called by:
		_exp
 This function uses a non-reentrant model


 *************** function ___ftadd *****************
 Defined at:
		line 86 in file "C:\Program Files (x86)\Microchip\xc8\v1.43\sources\common\ftadd.c"
 Parameters:    Size  Location     Type
  f1              3   36[BANK0 ] float 
  f2              3   39[BANK0 ] float 
 Auto vars:     Size  Location     Type
  exp1            1   48[BANK0 ] unsigned char 
  exp2            1   47[BANK0 ] unsigned char 
  sign            1   46[BANK0 ] unsigned char 
 Return value:  Size  Location     Type
                  3   36[BANK0 ] float 
 Registers used:
		wreg, status,2, status,0, pclath, cstack
 Tracked objects:
		On entry : 
		On exit  : 
		Unchanged: 
 Data sizes:     COMMON   BANK0   BANK1   BANK3   BANK2
      Params:         0       6       0       0       0
      Locals:         0       3       0       0       0
      Temps:          0       4       0       0       0
      Totals:         0      13       0       0       0
Total ram usage:       13 bytes
 Hardware stack levels used:    1
 Hardware stack levels required when called:    3
 This function calls:
		___ftpack
 This function is called by:
		___ftsub
		_floor
		_log
		_eval_poly
 This function uses a non-reentrant model


 *************** function ___ftneg *****************
 Defined at:
		line 15 in file "C:\Program Files (x86)\Microchip\xc8\v1.43\sources\common\ftneg.c"
 Parameters:    Size  Location     Type
  f1              3    6[BANK0 ] float 
 Auto vars:     Size  Location     Type
		None
 Return value:  Size  Location     Type
                  3    6[BANK0 ] float 
 Registers used:
		wreg
 Tracked objects:
		On entry : 
		On exit  : 
		Unchanged: 
 Data sizes:     COMMON   BANK0   BANK1   BANK3   BANK2
      Params:         0       3       0       0       0
      Locals:         0       0       0       0       0
      Temps:          0       0       0       0       0
      Totals:         0       3       0       0       0
Total ram usage:        3 bytes
 Hardware stack levels used:    1
 Hardware stack levels required when called:    2
 This function calls:
		Nothing
 This function is called by:
		_pow
		_exp
 This function uses a non-reentrant model


 *************** function ___ftdiv *****************
 Defined at:
		line 56 in file "C:\Program Files (x86)\Microchip\xc8\v1.43\sources\common\ftdiv.c"
 Parameters:    Size  Location     Type
  f2              3   14[BANK0 ] float 
  f1              3   17[BANK0 ] float 
 Auto vars:     Size  Location     Type
  f3              3   25[BANK0 ] float 
  sign            1   29[BANK0 ] unsigned char 
  exp             1   28[BANK0 ] unsigned char 
  cntr            1   24[BANK0 ] unsigned char 
 Return value:  Size  Location     Type
                  3   14[BANK0 ] float 
 Registers used:
		wreg, status,2, status,0, pclath, cstack
 Tracked objects:
		On entry : 
		On exit  : 
		Unchanged: 
 Data sizes:     COMMON   BANK0   BANK1   BANK3   BANK2
      Params:         0       6       0       0       0
      Locals:         0       6       0       0       0
      Temps:          0       4       0       0       0
      Totals:         0      16       0       0       0
Total ram usage:       16 bytes
 Hardware stack levels used:    1
 Hardware stack levels required when called:    3
 This function calls:
		___ftpack
 This function is called by:
		_exp
 This function uses a non-reentrant model


 *************** function ___awtoft *****************
 Defined at:
		line 32 in file "C:\Program Files (x86)\Microchip\xc8\v1.43\sources\common\awtoft.c"
 Parameters:    Size  Location     Type
  c               2   14[BANK0 ] int 
 Auto vars:     Size  Location     Type
  sign            1   19[BANK0 ] unsigned char 
 Return value:  Size  Location     Type
                  3   14[BANK0 ] float 
 Registers used:
		wreg, status,2, status,0, pclath, cstack
 Tracked objects:
		On entry : 
		On exit  : 
		Unchanged: 
 Data sizes:     COMMON   BANK0   BANK1   BANK3   BANK2
      Params:         0       3       0       0       0
      Locals:         0       1       0       0       0
      Temps:          0       2       0       0       0
      Totals:         0       6       0       0       0
Total ram usage:        6 bytes
 Hardware stack levels used:    1
 Hardware stack levels required when called:    3
 This function calls:
		___ftpack
 This function is called by:
		_main
		_exp
		_log
 This function uses a non-reentrant model


 *************** function ___lltoft *****************
 Defined at:
		line 35 in file "C:\Program Files (x86)\Microchip\xc8\v1.43\sources\common\lltoft.c"
 Parameters:    Size  Location     Type
  c               4   14[BANK0 ] unsigned long 
 Auto vars:     Size  Location     Type
  exp             1   19[BANK0 ] unsigned char 
 Return value:  Size  Location     Type
                  3   14[BANK0 ] float 
 Registers used:
		wreg, status,2, status,0, pclath, cstack
 Tracked objects:
		On entry : 
		On exit  : 
		Unchanged: 
 Data sizes:     COMMON   BANK0   BANK1   BANK3   BANK2
      Params:         0       4       0       0       0
      Locals:         0       1       0       0       0
      Temps:          0       1       0       0       0
      Totals:         0       6       0       0       0
Total ram usage:        6 bytes
 Hardware stack levels used:    1
 Hardware stack levels required when called:    3
 This function calls:
		___ftpack
 This function is called by:
		_pow
 This function uses a non-reentrant model


 *************** function ___ftpack *****************
 Defined at:
		line 62 in file "C:\Program Files (x86)\Microchip\xc8\v1.43\sources\common\float.c"
 Parameters:    Size  Location     Type
  arg             3    6[BANK0 ] unsigned um
  exp             1    9[BANK0 ] unsigned char 
  sign            1   10[BANK0 ] unsigned char 
 Auto vars:     Size  Location     Type
		None
 Return value:  Size  Location     Type
                  3    6[BANK0 ] float 
 Registers used:
		wreg, status,2, status,0
 Tracked objects:
		On entry : 
		On exit  : 
		Unchanged: 
 Data sizes:     COMMON   BANK0   BANK1   BANK3   BANK2
      Params:         0       5       0       0       0
      Locals:         0       0       0       0       0
      Temps:          0       3       0       0       0
      Totals:         0       8       0       0       0
Total ram usage:        8 bytes
 Hardware stack levels used:    1
 Hardware stack levels required when called:    2
 This function calls:
		Nothing
 This function is called by:
		___altoft
		___awtoft
		___ftadd
		___ftdiv
		___ftmul
		___lltoft
 This function uses a non-reentrant model


 *************** function _interr *****************
 Defined at:
		line 18 in file "JuegoGatoRaton.c"
 Parameters:    Size  Location     Type
		None
 Auto vars:     Size  Location     Type
		None
 Return value:  Size  Location     Type
                  1    wreg      void 
 Registers used:
		wreg, status,2, status,0, pclath, cstack
 Tracked objects:
		On entry : 
		On exit  : 
		Unchanged: 
 Data sizes:     COMMON   BANK0   BANK1   BANK3   BANK2
      Params:         0       0       0       0       0
      Locals:         0       0       0       0       0
      Temps:          0       6       0       0       0
      Totals:         0       6       0       0       0
Total ram usage:        6 bytes
 Hardware stack levels used:    1
 Hardware stack levels required when called:    1
 This function calls:
		___awdiv
 This function is called by:
		Interrupt level 1
 This function uses a non-reentrant model


 *************** function ___awdiv *****************
 Defined at:
		line 6 in file "C:\Program Files (x86)\Microchip\xc8\v1.43\sources\common\awdiv.c"
 Parameters:    Size  Location     Type
  divisor         2    0[COMMON] int 
  dividend        2    2[COMMON] int 
 Auto vars:     Size  Location     Type
  quotient        2    7[COMMON] int 
  sign            1    6[COMMON] unsigned char 
  counter         1    5[COMMON] unsigned char 
 Return value:  Size  Location     Type
                  2    0[COMMON] int 
 Registers used:
		wreg, status,2, status,0
 Tracked objects:
		On entry : 
		On exit  : 
		Unchanged: 
 Data sizes:     COMMON   BANK0   BANK1   BANK3   BANK2
      Params:         4       0       0       0       0
      Locals:         4       0       0       0       0
      Temps:          1       0       0       0       0
      Totals:         9       0       0       0       0
Total ram usage:        9 bytes
 Hardware stack levels used:    1
 This function calls:
		Nothing
 This function is called by:
		_interr
 This function uses a non-reentrant model



MODULE INFORMATION

Module		Function		Class		Link	Load	Size
C:\Program Files (x86)\Microchip\xc8\v1.43\sources\common\frexp.c
		_ldexp         		CODE           	0E5F	0000	131
		_frexp         		CODE           	0C37	0000	67

C:\Program Files (x86)\Microchip\xc8\v1.43\sources\common\frexp.c estimated size: 198

C:\Program Files (x86)\Microchip\xc8\v1.43\sources\common\Umul32.c
		___lmul        		CODE           	0BB4	0000	66

C:\Program Files (x86)\Microchip\xc8\v1.43\sources\common\Umul32.c estimated size: 66

C:\Program Files (x86)\Microchip\xc8\v1.43\sources\common\floor.c
		_floor         		CODE           	072C	0000	154

C:\Program Files (x86)\Microchip\xc8\v1.43\sources\common\floor.c estimated size: 154

C:\Program Files (x86)\Microchip\xc8\v1.43\sources\common\ftmul.c
		___ftmul       		CODE           	04D9	0000	212

C:\Program Files (x86)\Microchip\xc8\v1.43\sources\common\ftmul.c estimated size: 212

C:\Program Files (x86)\Microchip\xc8\v1.43\sources\common\log.c
		_log           		CODE           	05AC	0000	201

C:\Program Files (x86)\Microchip\xc8\v1.43\sources\common\log.c estimated size: 201

C:\Program Files (x86)\Microchip\xc8\v1.43\sources\common\ftdiv.c
		___ftdiv       		CODE           	0674	0000	185

C:\Program Files (x86)\Microchip\xc8\v1.43\sources\common\ftdiv.c estimated size: 185

C:\Program Files (x86)\Microchip\xc8\v1.43\sources\common\ftge.c
		___ftge        		CODE           	0D19	0000	96

C:\Program Files (x86)\Microchip\xc8\v1.43\sources\common\ftge.c estimated size: 96

C:\Program Files (x86)\Microchip\xc8\v1.43\sources\common\awdiv.c
		___awdiv       		CODE           	0CC0	0000	90

C:\Program Files (x86)\Microchip\xc8\v1.43\sources\common\awdiv.c estimated size: 90

C:\Program Files (x86)\Microchip\xc8\v1.43\sources\common\pow.c
		_pow           		CODE           	0230	0000	417

C:\Program Files (x86)\Microchip\xc8\v1.43\sources\common\pow.c estimated size: 417

C:\Program Files (x86)\Microchip\xc8\v1.43\sources\common\awtoft.c
		___awtoft      		CODE           	0B60	0000	38

C:\Program Files (x86)\Microchip\xc8\v1.43\sources\common\awtoft.c estimated size: 38

JuegoGatoRaton.c
		_interr        		CODE           	07C5	0000	53
		_main          		CODE           	0F6F	0000	146

JuegoGatoRaton.c estimated size: 199

C:\Program Files (x86)\Microchip\xc8\v1.43\sources\common\altoft.c
		___altoft      		CODE           	0BF5	0000	67

C:\Program Files (x86)\Microchip\xc8\v1.43\sources\common\altoft.c estimated size: 67

C:\Program Files (x86)\Microchip\xc8\v1.43\sources\common\Umul8.c
		___bmul        		CODE           	0B2C	0000	20

C:\Program Files (x86)\Microchip\xc8\v1.43\sources\common\Umul8.c estimated size: 20

C:\Program Files (x86)\Microchip\xc8\v1.43\sources\common\fttol.c
		___fttol       		CODE           	0EE1	0000	143

C:\Program Files (x86)\Microchip\xc8\v1.43\sources\common\fttol.c estimated size: 143

C:\Program Files (x86)\Microchip\xc8\v1.43\sources\common\rand.c
		_rand          		CODE           	0C79	0000	72

C:\Program Files (x86)\Microchip\xc8\v1.43\sources\common\rand.c estimated size: 72

C:\Program Files (x86)\Microchip\xc8\v1.43\sources\common\evalpoly.c
		_eval_poly     		CODE           	0DE6	0000	122

C:\Program Files (x86)\Microchip\xc8\v1.43\sources\common\evalpoly.c estimated size: 122

C:\Program Files (x86)\Microchip\xc8\v1.43\sources\common\lltoft.c
		___lltoft      		CODE           	0B85	0000	48

C:\Program Files (x86)\Microchip\xc8\v1.43\sources\common\lltoft.c estimated size: 48

C:\Program Files (x86)\Microchip\xc8\v1.43\sources\common\ftadd.c
		___ftadd       		CODE           	03D0	0000	266

C:\Program Files (x86)\Microchip\xc8\v1.43\sources\common\ftadd.c estimated size: 266

shared
		exp@coeff      		STRING         	0806	0000	31
		__stringtab    		STRING         	0800	0000	7
		__initialization		CODE           	0015	0000	25
		log@coeff      		STRING         	0824	0000	28

shared estimated size: 91

C:\Program Files (x86)\Microchip\xc8\v1.43\sources\common\ftneg.c
		___ftneg       		CODE           	0B22	0000	11

C:\Program Files (x86)\Microchip\xc8\v1.43\sources\common\ftneg.c estimated size: 11

C:\Program Files (x86)\Microchip\xc8\v1.43\sources\common\ftsub.c
		___ftsub       		CODE           	0B3F	0000	34

C:\Program Files (x86)\Microchip\xc8\v1.43\sources\common\ftsub.c estimated size: 34

C:\Program Files (x86)\Microchip\xc8\v1.43\sources\common\float.c
		___ftpack      		CODE           	0D78	0000	111

C:\Program Files (x86)\Microchip\xc8\v1.43\sources\common\float.c estimated size: 111

C:\Program Files (x86)\Microchip\xc8\v1.43\sources\common\exp.c
		_exp           		CODE           	0031	0000	512

C:\Program Files (x86)\Microchip\xc8\v1.43\sources\common\exp.c estimated size: 512

